../Core/Src/main.c:95:6:scanKeypad	32	static
../Core/Src/main.c:135:9:isValidCode	24	static
../Core/Src/main.c:145:9:check_len	24	static
../Core/Src/main.c:158:6:check_key	24	static
../Core/Src/main.c:170:6:decrypt	24	static
../Core/Src/main.c:180:6:encrypt	24	static
../Core/Src/main.c:193:6:check_alarm_code	16	static
../Core/Src/main.c:198:6:USART2_SendString	24	static
../Core/Src/main.c:205:6:HAL_UART_RxCpltCallback	16	static
../Core/Src/main.c:249:5:main	48	static
../Core/Src/main.c:397:6:SystemClock_Config	72	static
../Core/Src/main.c:437:13:MX_USART2_UART_Init	8	static
../Core/Src/main.c:470:13:MX_GPIO_Init	40	static
../Core/Src/main.c:532:6:Error_Handler	4	static,ignoring_inline_asm
